// Jest Snapshot v1, https://goo.gl/fbAQLP

exports[`renders a snapshot 1`] = `
<div
  className="card"
  style={
    Object {
      "width": "18rem",
    }
  }
>
  <img
    className="card-img-top"
    src="src/imgs/recent-picture.jpeg"
  />
  <div
    className="card-body"
  >
    <div
      className="card-title h5"
    >
      GitHubCard
    </div>
    <p
      className="card-text"
    >
      Hi I'm David and I'm going to become a web developer
    </p>
    <button
      className="btn btn-primary"
      disabled={false}
      type="button"
    >
      Go to Github
    </button>
  </div>
</div>
`;
